---
source: crates/keel-mcp/tests/snapshots.rs
assertion_line: 86
expression: "keel_mcp::discover_result()"
---
{
  "capabilities": {
    "tools": {
      "listChanged": false
    }
  },
  "instructions": "Keel stores everything about a software project except the code. Call `keel_context` first to orient. Pass the `session_id` your host gave you on every call, so writes are attributed to this conversation. Before creating a project, call `keel_projects` and confirm with the human.",
  "protocolVersions": [
    "[date]",
    "[date]"
  ],
  "serverInfo": {
    "name": "keel",
    "title": "Keel",
    "version": "[semver]"
  }
}
